namaste doston!

yah ek pareekshna file hai jise hinglish men badal jaega।

main aaj bahut khush hoon kyunki mausam achha hai।
chalo baahar ghoomne chalte hain।

mujhe hindi filmein dekhna pasand hai।
meri pasandida film "3 idiots" hai।
aapko kaun see film pasand hai?

dhanyavaad!
